tab 	er_specimens
er_citation_name	er_location_name	er_sample_name	er_site_name	er_specimen_name
This study	unknown	MP18-1	MP18-1	MP18-1
This study	unknown	MP18-2	MP18-2	MP18-2
This study	unknown	MP18-3	MP18-3	MP18-3
This study	unknown	MP18-4	MP18-4	MP18-4
This study	unknown	MP18-5	MP18-5	MP18-5
This study	unknown	MP18-6	MP18-6	MP18-6
