tab 	er_sites
er_citation_name	er_location_name	er_site_name	site_lat	site_lon
This study	unknown	MP18-1	47.1	275.3
This study	unknown	MP18-2	47.1	275.3
This study	unknown	MP18-3	47.1	275.3
This study	unknown	MP18-4	47.1	275.3
This study	unknown	MP18-5	47.1	275.3
This study	unknown	MP18-6	47.1	275.3
