tab 	pmag_criteria
average_age_max	average_age_min	average_age_sigma	average_age_unit	average_alpha95	average_int_n	average_int_nn	average_int_rel_sigma	average_int_rel_sigma_perc	average_int_sigma	average_k	average_n	average_nn	average_r	average_sigma	criteria_definition	criteria_description	er_citation_names	magic_experiment_names	measurement_step_max	measurement_step_min	measurement_step_unit	pmag_criteria_code	sample_alpha95	sample_comp_nmb	sample_direction_type	sample_int_n	sample_int_rel_sigma	sample_int_rel_sigma_perc	sample_int_sigma	sample_int_sigma_perc	sample_k	sample_magn_mass	sample_magn_moment	sample_magn_volume	sample_n	sample_n_lines	sample_n_planes	sample_nrm	sample_polarity	sample_r	sample_sigma	sample_tilt_correction	site_alpha95	site_comp_nmb	site_direction_type	site_int_n	site_int_rel_sigma	site_int_rel_sigma_perc	site_int_sigma	site_int_sigma_perc	site_k	site_magn_mass	site_magn_moment	site_magn_volume	site_n	site_n_lines	site_n_planes	site_nrm	site_polarity	site_r	site_sigma	site_tilt_correction	specimen_alpha95	specimen_b_beta	specimen_b_sigma	specimen_comp_nmb	specimen_dang	specimen_delta	specimen_direction_type	specimen_drat	specimen_drats	specimen_f	specimen_frac	specimen_fvds	specimen_g	specimen_gamma	specimen_gmax	specimen_int_mad	specimen_int_n	specimen_int_ptrm_n	specimen_int_rel_sigma	specimen_int_rel_sigma_perc	specimen_int_sigma	specimen_int_sigma_perc	specimen_mad	specimen_magn_mass	specimen_magn_moment	specimen_magn_volume	specimen_md	specimen_n	specimen_nrm	specimen_polarity	specimen_ptrm	specimen_q	specimen_rsc	specimen_scat	specimen_theta	specimen_viscosity_index	specimen_w	vadm_n	vadm_sigma	vdm_n	vdm_sigma	vgp_alpha95	vgp_dm	vgp_dp	vgp_n	vgp_sigma
															acceptance criteria for study		Ts study					ACCEPT	5																							2			5e-6	15	50				5	4								0.1			10				20			0.7				10	4	2					5				15					1.0														
