0.33416328 0.33280227 0.33303446 -0.00016631 0.00123163 0.00135521 
0.33555713 0.33197427 0.33246869 0.00085685 0.00025266 0.00098151 
0.33585301 0.33140355 0.33274350 0.00132308 0.00117787 0.00000455 
0.33479390 0.33140817 0.33379796 -0.00043088 0.00048858 0.00045610 
0.33502916 0.33117944 0.33379149 -0.00106313 0.00029828 0.00035883 
0.33407047 0.33226910 0.33366045 -0.00000638 0.00098445 0.00005996 
0.33486328 0.33215088 0.33298591 -0.00034279 0.00038178 0.00020145 
0.33509853 0.33195898 0.33294258 0.00076976 0.00056717 0.00011960 
