  359.3    59.7     2.9   187.3    30.1     8.0    95.3     3.5 100
