   10.8    39.6    10     9.844     59.4     6.3    10.5
