0.93863    11.0    58.6 0.04258   226.4    26.5 0.01879   128.3    15.6 20
