0.33146986 0.33413991 0.33439023 0.00075095 -0.00083439 -0.00016688 0.00008618
0.33335925 0.33335925 0.33328149 -0.00155521 -0.00132193 0.00116641 0.00017193
0.33097634 0.33573565 0.33328801 0.00163177 0.00013598 0.00000000 0.00018131
0.33150029 0.33465420 0.33384551 -0.00064696 -0.00056609 -0.00048522 0.00014863
0.33121986 0.33521197 0.33356816 -0.00046966 -0.00046966 -0.00086104 0.00018376
0.33179570 0.33405602 0.33414828 -0.00009226 0.00004613 -0.00027677 0.00010474
0.33243163 0.33439898 0.33316939 0.00106564 0.00032789 0.00000000 0.00017624
0.33175478 0.33512715 0.33311808 0.00078928 0.00000000 -0.00007175 0.00011116
