tab 	er_sites
er_citation_names	er_location_name	er_site_name	site_class	site_definition	site_description	site_height	site_lat	site_lithology	site_lon	site_type
This study	McMurdo	mc123	Not Specified	s			-78.25435	Not Specified	163.72913	Not Specified
This study	McMurdo	mc137	Not Specified	s			-78.26883	Not Specified	163.25737	Not Specified
