eba24a DE-BFL
0 0.00 339.9 57.9 9.2830e-05
1 2.50 325.7 49.1 7.5820e-05
2 5.00 321.3 45.9 6.2920e-05
3 10.00 314.8 41.7 5.2090e-05
4 15.00 310.3 38.7 4.4550e-05
5 20.00 305.0 37.0 3.9540e-05
6 30.00 303.9 34.7 3.2570e-05
7 40.00 303.0 32.3 2.5670e-05
8 50.00 303.6 32.4 2.2520e-05
9 60.00 299.8 30.8 1.9820e-05
10 70.00 292.5 31.0 1.3890e-05
11 80.00 297.0 25.6 1.2570e-05
12 90.00 299.3 11.3 0.5030e-05
eba24a DE-BFL 10    2.50  70.00    8.8   334.9    51.5
