tab 	pmag_results
vgp_lat	vgp_lon
75.1	165.0
83.2	272.4
63.4	281.2
70.8	260.4
70.3	250.9
65.9	251.4
63.4	255.4
71.8	204.9
67.7	250.9
66.9	232.7
61.9	228.0
71.2	219.6
70.2	227.0
70.1	228.6
79.4	193.1
83.3	197.0
76.3	200.5
61.0	231.5
77.7	231.4
